cells  dofs    u_L2_norm     u_Linfty_norm     u_H1_norm    
   16     81 2.394e+07    - 3.459e+08     - 3.531e+08     - 
   64    289 2.227e+07 0.11 4.092e+08 -0.26 3.906e+08 -0.16 
  256   1089 1.804e+07 0.32 4.441e+08 -0.12 5.505e+08 -0.52 
 1024   4225 1.345e+07 0.43 4.621e+08 -0.06 8.373e+08 -0.62 
 4096  16641 9.718e+06 0.47 4.712e+08 -0.03 1.248e+09 -0.58 
16384  66049 6.938e+06 0.49 4.758e+08 -0.01 1.818e+09 -0.55 
65536 263169 4.929e+06 0.49 4.781e+08 -0.01 2.611e+09 -0.52 
